How many numbers are printed on the lottery ticket? How many numbers are selected in the lottery drawing? 
Your chances of winning are 1 in 6
