Read 0 songs.
Processed 3 playlist items.

Total: 00:00

