mediumList1.txt contained 0 books.
emptyList.txt contained 0 books.
Their merge contains 0 books.
