mediumList1.txt contained 0 books.
mediumList2.txt contained 0 books.
Their merge contains 0 books.

--- end of output ---
--- std error ---
Memory leak detected: 600
