tinyList1.txt contained 0 books.
tinyList2.txt contained 0 books.
Their merge contains 0 books.
