Read 83 songs.
Processed 2 playlist items.

The Great Gig In The Sky Pink Floyd          Dark Side Of The Moon    4 04:49
Lucy In the Sky With Dia Elton John          Captain Fantastic and th 11 06:17
Lucy In The Sky With Dia The Beatles         Sgt. Peppers Lonely Hear 3 03:26
Total: 14:32

