mediumList3.txt contained 0 books.
mediumList1.txt contained 0 books.
Their merge contains 0 books.
