Read 1 songs.
Processed 4 playlist items.

Look Back In Anger       David Bowie         David Bowie - Live on Ma 1 03:05
Total: 03:05

