How many numbers are printed on the lottery ticket? How many numbers are selected in the lottery drawing? 
This is not a possible lottery.
